// Jest Snapshot v1, https://goo.gl/fbAQLP

exports[`App should render correctly (snapshot) 1`] = `
<div
  className="bg-white text-center"
>
  <header
    className="app-header"
  >
    <svg
      className="app-logo"
      title="logo"
    />
    <div>
      <div
        className="row"
      >
        <button
          aria-label="Decrement value"
          className="button"
          onClick={[Function]}
        >
          -
        </button>
        <span
          className="value"
        >
          0
        </span>
        <button
          aria-label="Increment value"
          className="button"
          onClick={[Function]}
        >
          +
        </button>
      </div>
      <div
        className="row"
      >
        <input
          aria-label="Set increment amount"
          className="textbox"
          onChange={[Function]}
          value="2"
        />
        <button
          className="button"
          onClick={[Function]}
        >
          Add Amount
        </button>
        <button
          className="asyncButton"
          onClick={[Function]}
        >
          Add Async
        </button>
        <button
          className="button"
          onClick={[Function]}
        >
          Add If Odd
        </button>
      </div>
    </div>
    <p>
      Edit 
      <code>
        src/App.tsx
      </code>
       and save to reload.
    </p>
    <span>
      <span>
        Learn 
      </span>
      <a
        className="app-link"
        href="https://react.dev"
        rel="noopener noreferrer"
        target="_blank"
      >
        React
      </a>
      <span>
        , 
      </span>
      <a
        className="app-link"
        href="https://redux.js.org"
        rel="noopener noreferrer"
        target="_blank"
      >
        Redux
      </a>
      <span>
        , 
      </span>
      <a
        className="app-link"
        href="https://sabertazimi.github.io/bod"
        rel="noopener noreferrer"
        target="_blank"
      >
        Bod App
      </a>
    </span>
  </header>
</div>
`;
