// Jest Snapshot v1, https://goo.gl/fbAQLP

exports[`counter should render correctly (snapshot) 1`] = `
<div>
  <div>
    <div
      class="row"
    >
      <button
        aria-label="Decrement value"
        class="button"
      >
        -
      </button>
      <span
        class="value"
      >
        0
      </span>
      <button
        aria-label="Increment value"
        class="button"
      >
        +
      </button>
    </div>
    <div
      class="row"
    >
      <input
        aria-label="Set increment amount"
        class="textbox"
        value="2"
      />
      <button
        aria-label="Add Amount"
        class="button"
      >
        Add Amount
      </button>
      <button
        aria-label="Add Async"
        class="asyncButton"
      >
        Add Async
      </button>
      <button
        aria-label="Add If Odd"
        class="button"
      >
        Add If Odd
      </button>
    </div>
  </div>
</div>
`;
